[00:53:16] [ServerMain/INFO]: [bootstrap] Running Java 21 (OpenJDK 64-Bit Server VM 21.0.6+7-Ubuntu-120.04.1; Ubuntu null) on Linux 6.5.0-1025-azure (amd64)
[00:53:16] [ServerMain/INFO]: [bootstrap] Loading Paper 1.21.4-138-main@5395ae3 (2025-02-02T21:42:11Z) for Minecraft 1.21.4
[00:53:16] [ServerMain/INFO]: [PluginInitializerManager] Initializing plugins...
[00:53:22] [ServerMain/INFO]: [PluginInitializerManager] Initialized 20 plugins
[00:53:22] [ServerMain/INFO]: [PluginInitializerManager] Bukkit plugins (20):
 - AdvancedEnchantments (9.14.5), Chunky (1.4.28), ClickTpa (1.7.6), ConditionalEvents (4.60.1), Essentials (2.21.0-dev+164-1a4d75c), GravesX (4.9.7.3), HavenBags (1.30.1.1729), Images (2.5.3), LiveKit (1.4.8), LuckPerms (5.4.131), Minetorio (0.84), PlaceholderAPI (2.11.6), ProtectionStones (2.10.5), ProtocolLib (5.3.0), RealisticSeasons (11.6.6), SetHome (1.9.3), SmoothTimber (1.27.3), ValorlessUtils (1.11.1.250), WorldEdit (7.3.10+7004-768a436), WorldGuard (7.0.13-beta-2+5c4848b)
[00:53:33] [ServerMain/INFO]: Environment: Environment[sessionHost=https://sessionserver.mojang.com, servicesHost=https://api.minecraftservices.com, name=PROD]
[00:53:37] [ServerMain/INFO]: Loaded 1370 recipes
[00:53:37] [ServerMain/INFO]: Loaded 1481 advancements
[00:53:37] [ServerMain/INFO]: [MCTypeRegistry] Initialising converters for DataConverter...
[00:53:38] [ServerMain/INFO]: [MCTypeRegistry] Finished initialising converters for DataConverter in 499.6ms
[00:53:38] [Server thread/INFO]: Starting minecraft server version 1.21.4
[00:53:38] [Server thread/INFO]: Loading properties
[00:53:38] [Server thread/INFO]: This server is running Paper version 1.21.4-138-main@5395ae3 (2025-02-02T21:42:11Z) (Implementing API version 1.21.4-R0.1-SNAPSHOT)
[00:53:39] [Server thread/INFO]: [spark] This server bundles the spark profiler. For more information please visit https://docs.papermc.io/paper/profiling
[00:53:39] [Server thread/INFO]: Server Ping Player Sample Count: 12
[00:53:39] [Server thread/INFO]: Using 4 threads for Netty based IO
[00:53:41] [Server thread/INFO]: [MoonriseCommon] Paper is using 1 worker threads, 1 I/O threads
[00:53:41] [Server thread/INFO]: [ChunkTaskScheduler] Chunk system is using population gen parallelism: true
[00:53:42] [Server thread/INFO]: Default game type: SURVIVAL
[00:53:42] [Server thread/INFO]: Generating keypair
[00:53:42] [Server thread/INFO]: Starting Minecraft server on *:25565
[00:53:43] [Server thread/INFO]: Using epoll channel type
[00:53:43] [Server thread/INFO]: Paper: Using libdeflate (Linux x86_64) compression from Velocity.
[00:53:43] [Server thread/INFO]: Paper: Using OpenSSL 1.1.x (Linux x86_64) cipher from Velocity.
[00:53:44] [Server thread/WARN]: [org.bukkit.craftbukkit.legacy.CraftLegacy] Initializing Legacy Material Support. Unless you have legacy plugins and/or data this is a bug!
[00:53:58] [Server thread/WARN]: Legacy plugin ClickTpa v1.7.6 does not specify an api-version.
[00:54:00] [Server thread/INFO]: [WorldEdit] Loading server plugin WorldEdit v7.3.10+7004-768a436
[00:54:02] [Server thread/INFO]: Got request to register class com.sk89q.worldedit.bukkit.BukkitServerInterface with WorldEdit [com.sk89q.worldedit.extension.platform.PlatformManager@36603d7e]
[00:54:02] [Server thread/INFO]: [LuckPerms] Loading server plugin LuckPerms v5.4.131
[00:54:02] [Server thread/INFO]: [WorldGuard] Loading server plugin WorldGuard v7.0.13-beta-2+5c4848b
[00:54:02] [Server thread/INFO]: [PlaceholderAPI] Loading server plugin PlaceholderAPI v2.11.6
[00:54:02] [Server thread/INFO]: [ProtocolLib] Loading server plugin ProtocolLib v5.3.0
[00:54:02] [Server thread/WARN]: [ProtocolLib] Version (MC: 1.21.4) has not yet been tested! Proceed with caution.
[00:54:03] [Server thread/INFO]: [Essentials] Loading server plugin Essentials v2.21.0-dev+164-1a4d75c
[00:54:03] [Server thread/INFO]: [ValorlessUtils] Loading server plugin ValorlessUtils v1.11.1.250
[00:54:03] [Server thread/INFO]: [ValorlessUtils] 1.21.4-138-5395ae3 (MC: 1.21.4)
[00:54:03] [Server thread/INFO]: [ValorlessUtils] 1.21.4-R0.1-SNAPSHOT
[00:54:03] [Server thread/INFO]: [ProtectionStones] Loading server plugin ProtectionStones v2.10.5
[00:54:03] [Server thread/INFO]: [ClickTpa] Loading server plugin ClickTpa v1.7.6
[00:54:03] [Server thread/INFO]: [ConditionalEvents] Loading server plugin ConditionalEvents v4.60.1
[00:54:03] [Server thread/INFO]: [GravesX] Loading server plugin GravesX v4.9.7.3
[00:54:03] [Server thread/INFO]: [SetHome] Loading server plugin SetHome v1.9.3
[00:54:03] [Server thread/INFO]: [Chunky] Loading server plugin Chunky v1.4.28
[00:54:03] [Server thread/INFO]: [RealisticSeasons] Loading server plugin RealisticSeasons v11.6.6
[00:54:03] [Server thread/INFO]: [SmoothTimber] Loading server plugin SmoothTimber v1.27.3
[00:54:03] [Server thread/INFO]: [Images] Loading server plugin Images v2.5.3
[00:54:03] [Server thread/INFO]: [Minetorio] Loading server plugin Minetorio v0.84
[00:54:03] [Server thread/INFO]: [LiveKit] Loading server plugin LiveKit v1.4.8
[00:54:04] [Server thread/INFO]: [HavenBags] Loading server plugin HavenBags v1.30.1.1729
[00:54:04] [Server thread/INFO]: [AdvancedEnchantments] Loading server plugin AdvancedEnchantments v9.14.5
[00:54:04] [Server thread/INFO]: Server permissions file permissions.yml is empty, ignoring it
[00:54:04] [Server thread/INFO]: [WorldEdit] Enabling WorldEdit v7.3.10+7004-768a436
[00:54:04] [Server thread/INFO]: Registering commands with com.sk89q.worldedit.bukkit.BukkitServerInterface
[00:54:04] [Server thread/INFO]: WEPIF: Using the Bukkit Permissions API.
[00:54:05] [Server thread/INFO]: Using com.sk89q.worldedit.bukkit.adapter.impl.v1_21_4.PaperweightAdapter as the Bukkit adapter
[00:54:07] [Server thread/INFO]: [LuckPerms] Enabling LuckPerms v5.4.131
[00:54:08] [Server thread/INFO]:         __    
[00:54:08] [Server thread/INFO]:   |    |__)   LuckPerms v5.4.131
[00:54:08] [Server thread/INFO]:   |___ |      Running on Bukkit - Paper
[00:54:08] [Server thread/INFO]: 
[00:54:08] [Server thread/INFO]: [LuckPerms] Loading configuration...
[00:54:09] [Server thread/INFO]: [LuckPerms] Loading storage provider... [H2]
[00:54:11] [Server thread/INFO]: [LuckPerms] Loading internal permission managers...
[00:54:12] [Server thread/INFO]: [LuckPerms] Performing initial data load...
[00:54:12] [Server thread/INFO]: [LuckPerms] Successfully enabled. (took 5217ms)
[00:54:13] [Server thread/INFO]: [ProtocolLib] Enabling ProtocolLib v5.3.0
[00:54:13] [Server thread/WARN]: **** SERVER IS RUNNING IN OFFLINE/INSECURE MODE!
[00:54:13] [Server thread/WARN]: The server will make no attempt to authenticate usernames. Beware.
[00:54:13] [Server thread/WARN]: While this makes the game possible to play without internet access, it also opens up the ability for hackers to connect with any username they choose.
[00:54:13] [Server thread/WARN]: To change this, set "online-mode" to "true" in the server.properties file.
[00:54:13] [Server thread/INFO]: Preparing level "world"
[00:54:17] [Server thread/INFO]: Preparing start region for dimension minecraft:overworld
[00:54:18] [Server thread/INFO]: Preparing spawn area: 0%
[00:54:18] [Server thread/INFO]: Preparing spawn area: 0%
[00:54:18] [Server thread/INFO]: Preparing spawn area: 2%
[00:54:19] [Server thread/INFO]: Preparing spawn area: 4%
[00:54:20] [Server thread/INFO]: Preparing spawn area: 6%
[00:54:20] [Server thread/INFO]: Preparing spawn area: 6%
[00:54:20] [Server thread/INFO]: Preparing spawn area: 6%
[00:54:20] [Server thread/INFO]: Time elapsed: 3210 ms
[00:54:20] [Server thread/INFO]: Preparing start region for dimension minecraft:the_nether
[00:54:20] [Server thread/INFO]: Preparing spawn area: 0%
[00:54:21] [Server thread/INFO]: Preparing spawn area: 2%
[00:54:21] [Server thread/INFO]: Time elapsed: 866 ms
[00:54:21] [Server thread/INFO]: Preparing start region for dimension minecraft:the_end
[00:54:22] [Server thread/INFO]: Preparing spawn area: 0%
[00:54:22] [Server thread/INFO]: Preparing spawn area: 0%
[00:54:22] [Server thread/INFO]: Preparing spawn area: 24%
[00:54:22] [Server thread/INFO]: Time elapsed: 1144 ms
[00:54:22] [Server thread/INFO]: [WorldGuard] Enabling WorldGuard v7.0.13-beta-2+5c4848b
[00:54:23] [Server thread/INFO]: [WorldGuard] (world) TNT ignition is PERMITTED.
[00:54:23] [Server thread/INFO]: [WorldGuard] (world) Lighters are PERMITTED.
[00:54:23] [Server thread/INFO]: [WorldGuard] (world) Lava fire is PERMITTED.
[00:54:23] [Server thread/INFO]: [WorldGuard] (world) Fire spread is UNRESTRICTED.
[00:54:23] [Server thread/INFO]: [WorldGuard] Loaded configuration for world 'world'
[00:54:23] [Server thread/INFO]: [WorldGuard] (world_nether) TNT ignition is PERMITTED.
[00:54:23] [Server thread/INFO]: [WorldGuard] (world_nether) Lighters are PERMITTED.
[00:54:23] [Server thread/INFO]: [WorldGuard] (world_nether) Lava fire is PERMITTED.
[00:54:23] [Server thread/INFO]: [WorldGuard] (world_nether) Fire spread is UNRESTRICTED.
[00:54:23] [Server thread/INFO]: [WorldGuard] Loaded configuration for world 'world_nether'
[00:54:23] [Server thread/INFO]: [WorldGuard] (world_the_end) TNT ignition is PERMITTED.
[00:54:23] [Server thread/INFO]: [WorldGuard] (world_the_end) Lighters are PERMITTED.
[00:54:23] [Server thread/INFO]: [WorldGuard] (world_the_end) Lava fire is PERMITTED.
[00:54:23] [Server thread/INFO]: [WorldGuard] (world_the_end) Fire spread is UNRESTRICTED.
[00:54:23] [Server thread/INFO]: [WorldGuard] Loaded configuration for world 'world_the_end'
[00:54:23] [Server thread/INFO]: [WorldGuard] Loading region data...
[00:54:24] [Server thread/INFO]: [PlaceholderAPI] Enabling PlaceholderAPI v2.11.6
[00:54:24] [Server thread/INFO]: [PlaceholderAPI] Fetching available expansion information...
[00:54:24] [Server thread/INFO]: [Essentials] Enabling Essentials v2.21.0-dev+164-1a4d75c
[00:54:26] [Server thread/INFO]: [Essentials] Attempting to convert old kits in config.yml to new kits.yml
[00:54:26] [Server thread/INFO]: [Essentials] No kits found to migrate.
[00:54:26] [Server thread/INFO]: [Essentials] Selected 1.8.3+ Spawner Item Provider as the provider for SpawnerItemProvider
[00:54:26] [Server thread/INFO]: [Essentials] Selected 1.14.4+ Persistent Data Container Provider as the provider for PersistentDataProvider
[00:54:26] [Server thread/INFO]: [Essentials] Selected 1.20.6+ Potion Meta Provider as the provider for PotionMetaProvider
[00:54:26] [Server thread/INFO]: [Essentials] Selected Paper Biome Key Provider as the provider for BiomeKeyProvider
[00:54:26] [Server thread/INFO]: [Essentials] Selected Reflection Sync Commands Provider as the provider for SyncCommandsProvider
[00:54:26] [Server thread/INFO]: [Essentials] Selected Reflection Spawner Block Provider as the provider for SpawnerBlockProvider
[00:54:26] [Server thread/INFO]: [Essentials] Selected Reflection Formatted Command Alias Provider as the provider for FormattedCommandAliasProvider
[00:54:26] [Server thread/INFO]: [Essentials] Selected Paper Tick Count Provider as the provider for TickCountProvider
[00:54:26] [Server thread/INFO]: [Essentials] Selected 1.12.2+ Player Locale Provider as the provider for PlayerLocaleProvider
[00:54:26] [Server thread/INFO]: [Essentials] Selected 1.17.1+ World Info Provider as the provider for WorldInfoProvider
[00:54:26] [Server thread/INFO]: [Essentials] Selected 1.11+ Item Unbreakable Provider as the provider for ItemUnbreakableProvider
[00:54:26] [Server thread/INFO]: [Essentials] Selected Reflection Online Mode Provider as the provider for OnlineModeProvider
[00:54:26] [Server thread/INFO]: [Essentials] Selected Paper Serialization Provider as the provider for SerializationProvider
[00:54:26] [Server thread/INFO]: [Essentials] Selected 1.20.5+ Banner Data Provider as the provider for BannerDataProvider
[00:54:26] [Server thread/INFO]: [Essentials] Selected 1.13+ Spawn Egg Provider as the provider for SpawnEggProvider
[00:54:26] [Server thread/INFO]: [Essentials] Selected Paper Container Provider as the provider for ContainerProvider
[00:54:26] [Server thread/INFO]: [Essentials] Selected Paper Server State Provider as the provider for ServerStateProvider
[00:54:26] [Server thread/INFO]: [Essentials] Selected 1.21+ InventoryView Interface ABI Provider as the provider for InventoryViewProvider
[00:54:26] [Server thread/INFO]: [Essentials] Selected 1.20.4+ Damage Event Provider as the provider for DamageEventProvider
[00:54:26] [Server thread/INFO]: [Essentials] Selected Paper Material Tag Provider as the provider for MaterialTagProvider
[00:54:26] [Server thread/INFO]: [Essentials] Selected 1.14+ Sign Data Provider as the provider for SignDataProvider
[00:54:26] [Server thread/INFO]: [Essentials] Selected Paper Known Commands Provider as the provider for KnownCommandsProvider
[00:54:27] [Server thread/INFO]: [Essentials] Loaded 43465 items from items.json.
[00:54:27] [Server thread/INFO]: [Essentials] Using locale en
[00:54:28] [Server thread/INFO]: [Essentials] ServerListPingEvent: Spigot iterator API
[00:54:29] [Server thread/INFO]: [Essentials] Starting Metrics. Opt-out using the global bStats config.
[00:54:29] [Server thread/WARN]: [Essentials] Detected supported permissions plugin LuckPerms without Vault installed.
[00:54:29] [Server thread/WARN]: [Essentials] Features such as chat prefixes/suffixes and group-related functionality will not work until you install Vault.
[00:54:29] [Server thread/INFO]: [Essentials] Using superperms-based permissions.
[00:54:29] [Server thread/INFO]: [ValorlessUtils] Enabling ValorlessUtils v1.11.1.250
[00:54:29] [Server thread/INFO]: [ProtectionStones] Enabling ProtectionStones v2.10.5
[00:54:29] [Server thread/INFO]: [WorldGuard] Registering session handler dev.espi.protectionstones.flags.GreetingFlagHandler
[00:54:29] [Server thread/INFO]: [WorldGuard] Registering session handler dev.espi.protectionstones.flags.FarewellFlagHandler
[00:54:29] [Server thread/WARN]: [ProtectionStones] Vault not enabled! There will be no economy support!
[00:54:29] [Server thread/INFO]: [ProtectionStones] PlaceholderAPI support enabled!
[00:54:29] [Server thread/INFO]: [PlaceholderAPI] Successfully registered internal expansion: protectionstones [2.10.5]
[00:54:29] [Server thread/INFO]: [ProtectionStones] LuckPerms support enabled!
[00:54:29] [Server thread/INFO]: [ProtectionStones] Protection Stone Blocks:
[00:54:29] [Server thread/INFO]: [ProtectionStones] - EMERALD_ORE (64)
[00:54:30] [Server thread/WARN]: [ProtectionStones] Vault is not enabled! Economy functions (renting & buying) will not work!
[00:54:30] [Server thread/INFO]: [ProtectionStones] Building region cache...
[00:54:30] [Server thread/INFO]: [ProtectionStones] Building UUID cache... (if slow change async-load-uuid-cache in the config to true)
[00:54:30] [Server thread/INFO]: [ProtectionStones] Checking if PS regions have been updated to UUIDs...
[00:54:30] [Server thread/INFO]: [ProtectionStones] §fProtectionStones has successfully started!
[00:54:30] [Server thread/INFO]: [ClickTpa] Enabling ClickTpa v1.7.6*
[00:54:30] [Server thread/INFO]: [ClickTpa] ClickTpa v1.7.6 has been loaded successfully!
[00:54:30] [Server thread/INFO]: [ClickTpa] ---------------------------------------
[00:54:30] [Server thread/INFO]: [ClickTpa] To any ClickTpa users who have a version before 1.7.6:
[00:54:30] [Server thread/INFO]: [ClickTpa] There has been an update to the config; some messages have been removed.
[00:54:30] [Server thread/INFO]: [ClickTpa] Therefore, if your config.yml is not updated, you will get errors.
[00:54:30] [Server thread/INFO]: [ClickTpa] ---------------------------------------
[00:54:30] [Server thread/INFO]: [ConditionalEvents] Enabling ConditionalEvents v4.60.1
[00:54:30] [Server thread/INFO]: [PlaceholderAPI] Successfully registered internal expansion: conditionalevents [4.60.1]
[00:54:30] [Server thread/INFO]: [ConditionalEvents] Has been enabled! Version: 4.60.1
[00:54:30] [Server thread/INFO]: [ConditionalEvents] Thanks for using my plugin!   ~Ajneb97
[00:54:30] [Server thread/INFO]: [GravesX] Enabling GravesX v4.9.7.3
[00:54:30] [Server thread/INFO]: [GravesX] Loading Libraries for GravesX
[00:54:31] [Server thread/INFO]: [GravesX] Loading library com.zaxxer.HikariCP version 6.0.0.
[00:54:31] [Server thread/INFO]: [GravesX] Loading library com.zaxxer:HikariCP:6.0.0
[00:54:31] [Server thread/INFO]: [GravesX] Loading library org.slf4j:slf4j-api:1.7.36
[00:54:31] [Server thread/INFO]: [GravesX] Loading library org.javassist:javassist:3.29.2-GA
[00:54:31] [Server thread/INFO]: [GravesX] Loading library io.micrometer:micrometer-core:1.5.10
[00:54:31] [Server thread/INFO]: [GravesX] Loading library org.hdrhistogram:HdrHistogram:2.1.12
[00:54:31] [Server thread/INFO]: [GravesX] Loading library org.latencyutils:LatencyUtils:2.0.3
[00:54:31] [Server thread/INFO]: [GravesX] Loaded library com.zaxxer.HikariCP version 6.0.0 and shaded successfully.
[00:54:31] [Server thread/INFO]: [GravesX] Loading library org.xerial.sqlite-jdbc version 3.47.0.0.
[00:54:31] [Server thread/INFO]: [GravesX] Loading library org.xerial:sqlite-jdbc:3.47.0.0
[00:54:32] [Server thread/INFO]: [GravesX] Loading library org.slf4j:slf4j-api:1.7.36
[00:54:32] [Server thread/INFO]: [GravesX] Loaded library org.xerial.sqlite-jdbc version 3.47.0.0 successfully.
[00:54:32] [Server thread/INFO]: [GravesX] Loading library com.github.oshi.oshi-core version 6.6.5.
[00:54:32] [Server thread/INFO]: [GravesX] Loading library com.github.oshi:oshi-core:6.6.5
[00:54:32] [Server thread/INFO]: [GravesX] Loading library net.java.dev.jna:jna:5.15.0
[00:54:32] [Server thread/INFO]: [GravesX] Loading library net.java.dev.jna:jna-platform:5.15.0
[00:54:32] [Server thread/INFO]: [GravesX] Loading library org.slf4j:slf4j-api:2.0.16
[00:54:32] [Server thread/INFO]: [GravesX] Loaded library com.github.oshi.oshi-core version 6.6.5 successfully.
[00:54:33] [Server thread/INFO]: [GravesX] Loading library com.h2database.h2 version 2.3.232.
[00:54:33] [Server thread/INFO]: [GravesX] Loading library com.h2database:h2:2.3.232
[00:54:33] [Server thread/INFO]: [GravesX] Loaded library com.h2database.h2 version 2.3.232 and shaded successfully.
[00:54:33] [Server thread/INFO]: [GravesX] Loading library net.kyori.adventure-api version 4.17.0.
[00:54:33] [Server thread/INFO]: [GravesX] Loading library net.kyori:adventure-api:4.17.0
[00:54:34] [Server thread/INFO]: [GravesX] Loading library net.kyori:adventure-key:4.17.0
[00:54:34] [Server thread/INFO]: [GravesX] Loading library net.kyori:examination-api:1.3.0
[00:54:34] [Server thread/INFO]: [GravesX] Loading library net.kyori:examination-string:1.3.0
[00:54:34] [Server thread/INFO]: [GravesX] Loading library org.jetbrains:annotations:24.1.0
[00:54:34] [Server thread/INFO]: [GravesX] Loaded library net.kyori.adventure-api version 4.17.0 and shaded successfully.
[00:54:34] [Server thread/INFO]: [GravesX] Loading library net.kyori.adventure-text-minimessage version 4.17.0.
[00:54:34] [Server thread/INFO]: [GravesX] Loading library net.kyori:adventure-text-minimessage:4.17.0
[00:54:35] [Server thread/INFO]: [GravesX] Loading library net.kyori:adventure-api:4.17.0
[00:54:35] [Server thread/INFO]: [GravesX] Loading library net.kyori:adventure-key:4.17.0
[00:54:35] [Server thread/INFO]: [GravesX] Loading library net.kyori:examination-api:1.3.0
[00:54:35] [Server thread/INFO]: [GravesX] Loading library net.kyori:examination-string:1.3.0
[00:54:35] [Server thread/INFO]: [GravesX] Loading library org.jetbrains:annotations:24.1.0
[00:54:35] [Server thread/INFO]: [GravesX] Loaded library net.kyori.adventure-text-minimessage version 4.17.0 and shaded successfully.
[00:54:35] [Server thread/INFO]: [GravesX] Loading library net.kyori.adventure-text-serializer-gson version 4.17.0.
[00:54:35] [Server thread/INFO]: [GravesX] Loading library net.kyori:adventure-text-serializer-gson:4.17.0
[00:54:35] [Server thread/INFO]: [GravesX] Loading library net.kyori:adventure-text-serializer-json:4.17.0
[00:54:35] [Server thread/INFO]: [GravesX] Loading library net.kyori:adventure-api:4.17.0
[00:54:35] [Server thread/INFO]: [GravesX] Loading library net.kyori:adventure-key:4.17.0
[00:54:35] [Server thread/INFO]: [GravesX] Loading library net.kyori:examination-api:1.3.0
[00:54:35] [Server thread/INFO]: [GravesX] Loading library net.kyori:examination-string:1.3.0
[00:54:35] [Server thread/INFO]: [GravesX] Loading library org.jetbrains:annotations:24.1.0
[00:54:35] [Server thread/INFO]: [GravesX] Loading library net.kyori:option:1.0.0
[00:54:35] [Server thread/INFO]: [GravesX] Loading library com.google.code.gson:gson:2.8.0
[00:54:35] [Server thread/INFO]: [GravesX] Loading library com.google.auto.service:auto-service-annotations:1.1.1
[00:54:35] [Server thread/INFO]: [GravesX] Loaded library net.kyori.adventure-text-serializer-gson version 4.17.0 and shaded successfully.
[00:54:35] [Server thread/INFO]: [GravesX] Loading library net.kyori.adventure-platform-bukkit version 4.3.3.
[00:54:35] [Server thread/INFO]: [GravesX] Loading library net.kyori:adventure-platform-bukkit:4.3.3
[00:54:36] [Server thread/INFO]: [GravesX] Loading library net.kyori:adventure-platform-api:4.3.3
[00:54:36] [Server thread/INFO]: [GravesX] Loading library net.kyori:adventure-api:4.13.1
[00:54:36] [Server thread/INFO]: [GravesX] Loading library net.kyori:adventure-key:4.13.1
[00:54:36] [Server thread/INFO]: [GravesX] Loading library net.kyori:adventure-text-serializer-bungeecord:4.3.3
[00:54:36] [Server thread/INFO]: [GravesX] Loading library net.kyori:adventure-text-serializer-legacy:4.13.1
[00:54:36] [Server thread/INFO]: [GravesX] Loading library net.kyori:adventure-nbt:4.13.1
[00:54:36] [Server thread/INFO]: [GravesX] Loading library net.kyori:examination-api:1.3.0
[00:54:36] [Server thread/INFO]: [GravesX] Loading library net.kyori:examination-string:1.3.0
[00:54:36] [Server thread/INFO]: [GravesX] Loading library org.jetbrains:annotations:24.0.1
[00:54:36] [Server thread/INFO]: [GravesX] Loading library net.kyori:adventure-text-serializer-gson:4.13.1
[00:54:36] [Server thread/INFO]: [GravesX] Loading library net.kyori:adventure-text-serializer-gson-legacy-impl:4.13.1
[00:54:36] [Server thread/INFO]: [GravesX] Loading library net.kyori:adventure-platform-facet:4.3.3
[00:54:36] [Server thread/INFO]: [GravesX] Loading library net.kyori:adventure-platform-viaversion:4.3.3
[00:54:36] [Server thread/INFO]: [GravesX] Loaded library net.kyori.adventure-platform-bukkit version 4.3.3 and shaded successfully.
[00:54:36] [Server thread/INFO]: [GravesX] Loading library com.github.puregero.multilib version 1.2.4.
[00:54:36] [Server thread/INFO]: [GravesX] Loading library com.github.puregero:multilib:1.2.4
[00:54:37] [Server thread/INFO]: [GravesX] Loading library org.jetbrains:annotations:22.0.0
[00:54:37] [Server thread/INFO]: [GravesX] Loading library com.github.puregero:multilib-common:1.2.4
[00:54:37] [Server thread/INFO]: [GravesX] Loading library com.github.puregero:multilib-bukkit:1.2.4
[00:54:37] [Server thread/INFO]: [GravesX] Loading library com.github.puregero:multilib-multipaper:1.2.4
[00:54:37] [Server thread/INFO]: [GravesX] Loading library com.github.puregero:regionized-common:1.2.4
[00:54:37] [Server thread/INFO]: [GravesX] Loading library com.github.puregero:regionized-bukkit:1.2.4
[00:54:37] [Server thread/INFO]: [GravesX] Loading library com.github.puregero:regionized-paper:1.2.4
[00:54:37] [Server thread/INFO]: [GravesX] Loaded library com.github.puregero.multilib version 1.2.4 and shaded successfully.
[00:54:37] [Server thread/INFO]: [GravesX] Loading library org.apache.commons.commons-text version 1.12.0.
[00:54:37] [Server thread/INFO]: [GravesX] Loading library org.apache.commons:commons-text:1.12.0
[00:54:37] [Server thread/INFO]: [GravesX] Loading library org.apache.commons:commons-lang3:3.14.0
[00:54:37] [Server thread/INFO]: [GravesX] Loaded library org.apache.commons.commons-text version 1.12.0 and shaded successfully.
[00:54:37] [Server thread/INFO]: [GravesX] Finished Loading Libraries for GravesX.
[00:54:37] [Server thread/INFO]: [GravesX] Integration: Hooked into ProtocolLib 5.3.0.
[00:54:38] [Server thread/INFO]: [GravesX] Integration: Hooked into WorldEdit 7.3.10+7004-768a436.
[00:54:39] [Server thread/INFO]: [GravesX] Integration: Hooked into MiniMessage.
[00:54:39] [Server thread/INFO]: [GravesX] Integration: Hooked into Minedown Adventure.
[00:54:39] [Server thread/INFO]: [PlaceholderAPI] Successfully registered internal expansion: gravesx [4.9.7.3]
[00:54:39] [Server thread/INFO]: [GravesX] Integration: Hooked into PlaceholderAPI 2.11.6.
[00:54:39] [Server thread/WARN]: [GravesX] Compatibility: Essentials Detected, make sure you don't have the essentials.keepinv or essentials.keepxp permissions.
[00:54:39] [Server thread/INFO]: [GravesX] Integration: Hooked into LuckPerms 5.4.131.
[00:54:39] [Server thread/INFO]: [com.ranull.graves.libraries.hikari.HikariDataSource] Graves H2 - Starting...
[00:54:39] [Server thread/INFO]: [com.ranull.graves.libraries.hikari.pool.HikariPool] Graves H2 - Added connection conn1: url=jdbc:h2:file:/workspaces/Server/servidor_minecraft/plugins/GravesX/data/graves.data user=SA
[00:54:39] [Server thread/INFO]: [com.ranull.graves.libraries.hikari.HikariDataSource] Graves H2 - Start completed.
[00:54:39] [Server thread/WARN]: [GravesX] SQLite database file or folder does not exist in "plugins/GravesX/data". Skipping database migration.
[00:54:40] [Server thread/INFO]: [GravesX] Metrics has been enabled. All metrics will be sent to https://bstats.org/plugin/bukkit/Graves/12849 and https://bstats.org/plugin/bukkit/GravesX/23069.
[00:54:40] [Server thread/INFO]: [SetHome] Enabling SetHome v1.9.3
[00:54:40] [Server thread/INFO]: [SetHome] SetHome plugin enabled with command: /h
[00:54:40] [Server thread/INFO]: [Chunky] Enabling Chunky v1.4.28
[00:54:40] [Server thread/INFO]: [RealisticSeasons] Enabling RealisticSeasons v11.6.6
[00:54:40] [Server thread/INFO]: [RealisticSeasons] [STDOUT] [Spigotunlocked.com] - COSMO
[00:54:40] [Server thread/WARN]: Nag author(s): '[]' of 'RealisticSeasons v11.6.6' about their usage of System.out/err.print. Please use your plugin's logger instead (JavaPlugin#getLogger).
[00:54:40] [Server thread/INFO]: [SmoothTimber] Enabling SmoothTimber v1.27.3
[00:54:40] [Server thread/INFO]: SmoothTimber || You're currently using the supported Minecraft Version 1.21.4 (Core v1_21x)
[00:54:40] [Server thread/INFO]: SmoothTimber || Trying to enable compatibility addon 'PlaceholderApi' for plugin 'PlaceholderAPI'...
[00:54:40] [Server thread/INFO]: [PlaceholderAPI] Successfully registered internal expansion: smoothtimber [1.27.3]
[00:54:40] [Server thread/INFO]: SmoothTimber || Successfully enabled compatbility addon 'PlaceholderApi' for plugin 'PlaceholderAPI'...
[00:54:40] [Server thread/INFO]: SmoothTimber || Trying to enable compatibility addon 'WorldGuard' for plugin 'WorldGuard'...
[00:54:40] [Server thread/INFO]: SmoothTimber || Successfully enabled compatbility addon 'WorldGuard' for plugin 'WorldGuard'...
[00:54:40] [Server thread/INFO]: [Images] Enabling Images v2.5.3
[00:54:40] [Server thread/INFO]: [Images] ProtocolLib detected. Enabling generic packet handling...
[00:54:40] [Server thread/INFO]: [Minetorio] Enabling Minetorio v0.84
[00:54:40] [Server thread/INFO]: [Minetorio] [STDOUT] [Spigotunlocked.com] - COSMO
[00:54:40] [Server thread/WARN]: Nag author(s): '[]' of 'Minetorio v0.84' about their usage of System.out/err.print. Please use your plugin's logger instead (JavaPlugin#getLogger).
[00:54:40] [Server thread/INFO]:   __  __   ___   _   _   _____   _____    ___    ____    ___    ___  
[00:54:40] [Server thread/INFO]:  |  \/  | |_ _| | \ | | | ____| |_   _|  / _ \  |  _ \  |_ _|  / _ \ 
[00:54:40] [Server thread/INFO]:  | |\/| |  | |  |  \| | |  _|     | |   | | | | | |_) |  | |  | | | |
[00:54:40] [Server thread/INFO]:  | |  | |  | |  | |\  | | |___    | |   | |_| | |  _ <   | |  | |_| |
[00:54:40] [Server thread/INFO]:  |_|  |_| |___| |_| \_| |_____|   |_|    \___/  |_| \_\ |___|  \___/ 
[00:54:40] [Server thread/INFO]:                                                                 v0.84
[00:54:40] [Server thread/INFO]: [Minetorio] Using Version 1.21.4-138-5395ae3 (MC: 1.21.4)
[00:54:40] [Server thread/INFO]: [Minetorio] 2 saved objects from Player Data loaded successfully & 0 were skipped!
[00:54:40] [Server thread/INFO]: [Minetorio] 1 saved objects from Table Data loaded successfully & 0 were skipped!
[00:54:41] [Server thread/INFO]: [Minetorio] 131 saved objects from Super Chunks loaded successfully & 0 were skipped!
[00:54:41] [Server thread/INFO]: [Minetorio] 126 saved objects from Recipe Data loaded successfully & 0 were skipped!
[00:54:45] [Server thread/INFO]: Environment: Environment[sessionHost=https://sessionserver.mojang.com, servicesHost=https://api.minecraftservices.com, name=PROD]
[00:54:47] [Server thread/INFO]: [LiveKit] Enabling LiveKit v1.4.8
[00:54:47] [Server thread/INFO]: [LiveKit] Using default permissions from config.yml for connected LiveKit clients
[00:54:47] [Server thread/INFO]: [LiveKit] Initializing storage adapter...[SQLITE]
[00:54:48] [Server thread/INFO]: [LiveKit] 120 regions detected for world world took 309ms
[00:54:48] [Server thread/INFO]: [LiveKit] 4 regions detected for world world_the_end took 20ms
[00:54:48] [Server thread/INFO]: [LiveKit] 8 regions detected for world world_nether took 39ms
[00:54:48] [Server thread/INFO]: [LiveKit] Console access password: eKqJ4iKQuY
[00:54:48] [LiveKit server/INFO]: [LiveKit] Server listening on 49646 for incoming connections
[00:54:48] [Server thread/INFO]: [HavenBags] Enabling HavenBags v1.30.1.1729
[00:54:48] [Server thread/INFO]: [HavenBags] PlaceholderAPI integrated!
[00:54:48] [Server thread/INFO]: [HavenBags] Loading bags.
[00:54:48] [Server thread/INFO]: [HavenBags] Bags loaded.
[00:54:48] [Server thread/INFO]: [HavenBags] Loaded bags: 3
[00:54:48] [Server thread/INFO]: [NBTAPI] [NBTAPI] Found Minecraft: 1.21.4! Trying to find NMS support
[00:54:48] [Server thread/INFO]: [NBTAPI] [NBTAPI] NMS support 'MC1_21_R3' loaded!
[00:54:48] [Server thread/INFO]: [NBTAPI] [NBTAPI] Using the plugin 'ValorlessUtils' to create a bStats instance!
[00:54:48] [Server thread/INFO]: [HavenBags] Recipe 'havenbags:ownerless-1' added.
[00:54:48] [Server thread/INFO]: [HavenBags] Checking for updates..
[00:54:48] [Server thread/INFO]: [AdvancedEnchantments] Enabling AdvancedEnchantments v9.14.5
[00:54:48] [Server thread/INFO]: [AdvancedEnchantments] Loading Minecraft Version MC1_21_R3
[00:54:49] [Server thread/INFO]: [AdvancedEnchantments] Loaded 7 armor sets.
[00:54:49] [Server thread/INFO]: [AdvancedEnchantments] Loaded 5 weapons.
[00:54:49] [Server thread/INFO]: [PlaceholderAPI] Successfully registered internal expansion: advancedenchantments [1.0.0]
[00:54:50] [Server thread/INFO]: [spark] Starting background profiler...
[00:54:50] [Server thread/INFO]: [PlaceholderAPI] Placeholder expansion registration initializing...
[00:54:50] [Server thread/INFO]: Done preparing level "world" (37.326s)
[00:54:50] [Server thread/INFO]: Running delayed init tasks
[00:54:50] [Server thread/INFO]: [GravesX] Registering Crash Handler...
[00:54:50] [Server thread/INFO]: [GravesX] Registered Crash Handler. Server will handle crashes in a separate thread.
[00:54:50] [Server thread/INFO]: [RealisticSeasons] [STDOUT] [Spigotunlocked.com] - COSMO
[00:54:50] [Craft Scheduler Thread - 11 - HavenBags/INFO]: [HavenBags] Up to date.
[00:54:50] [Craft Scheduler Thread - 6 - GravesX/INFO]: [GravesX] Loading grave maps...
[00:54:50] [Craft Scheduler Thread - 5 - Essentials/INFO]: [Essentials] Fetching version information...
[00:54:50] [Craft Scheduler Thread - 6 - GravesX/WARN]: [GravesX] Grave 7b533889-5280-4db6-b352-be98547ac286 at location World: world, x: -156, y: -42, z: 377 is invalid. If this was caused by an addon, then report it to the plugin author. Reason: owner_texture is null, owner_texture_signature is null
[00:54:50] [Craft Scheduler Thread - 6 - GravesX/WARN]: [GravesX] Grave 8bf63556-76dd-44a3-85be-2b7e4e6751e6 at location World: world, x: -153, y: -45, z: 374 is invalid. If this was caused by an addon, then report it to the plugin author. Reason: owner_texture is null, owner_texture_signature is null
[00:54:50] [Craft Scheduler Thread - 6 - GravesX/INFO]: [GravesX] Loaded 2 grave maps into cache.
[00:54:50] [Craft Scheduler Thread - 5 - Essentials/WARN]: [Essentials] You're 1 EssentialsX dev build(s) out of date!
[00:54:50] [Craft Scheduler Thread - 5 - Essentials/WARN]: [Essentials] Download it here: https://essentialsx.net/downloads.html
[00:54:50] [Server thread/INFO]: [PlaceholderAPI] Successfully registered internal expansion: rs [1.0.0]
[00:54:51] [Server thread/INFO]: [RealisticSeasons] Total biomes registered on server: 249
[00:54:51] [Server thread/INFO]: 0 placeholder hook(s) registered!
[00:54:51] [Server thread/INFO]: Done (98.127s)! For help, type "help"
[00:54:51] [Craft Scheduler Thread - 4 - GravesX/INFO]: [GravesX] Loading Block Map cache...
[00:54:51] [Craft Scheduler Thread - 5 - GravesX/INFO]: [GravesX] Loading Entity Map Cache for armorstand...
[00:54:51] [Craft Scheduler Thread - 8 - GravesX/INFO]: [GravesX] Loading Entity Map Cache for itemframe...
[00:54:51] [Craft Scheduler Thread - 6 - GravesX/INFO]: [GravesX] Loading Holograms into Hologram Map Cache...
[00:54:51] [Craft Scheduler Thread - 8 - GravesX/INFO]: [GravesX] Loaded 0 entities into Entity Map Cache for itemframe.
[00:54:51] [Craft Scheduler Thread - 5 - GravesX/INFO]: [GravesX] Loaded 0 entities into Entity Map Cache for armorstand.
[00:54:51] [Craft Scheduler Thread - 4 - GravesX/INFO]: [GravesX] Loaded 2 Blocks into the Block Map Cache.
[00:54:51] [Craft Scheduler Thread - 6 - GravesX/INFO]: [GravesX] Loaded 6 Holograms into Hologram Map Cache.
[00:54:51] [Server thread/INFO]: [AdvancedEnchantments] Successfully hooked into ProtocolLib, AdvancedEnchantments, WorldGuard, PlaceholderAPI, ProtectionStones, Essentials, LuckPerms.
[00:54:52] [Craft Scheduler Thread - 5 - Images/INFO]: [Images] Loaded 2 images...
[00:54:53] [pool-45-thread-1/INFO]: [LiveKit] Connect via 74.249.85.205:49646 [PROXIED CONNECTION]
[00:54:53] [pool-45-thread-1/INFO]: [LiveKit] If you want to connect with a hostname instead of your IP, setup the proxy->hostname in the config.yml!
[00:54:53] [pool-45-thread-1/WARN]: [LiveKit] NOTE: You need to setup port forwarding for LiveKit port 49646 to enable direct connections! Direct connections offer better performance and stability! Proxy connections are only a fallback if port forwarding is not possible! Only 3 proxy connections are allowed!
[00:58:37] [User Authenticator #0/INFO]: UUID of player WillianFengler is c227b202-2659-318b-b1ec-e23a1c938f2a
[00:58:40] [Server thread/INFO]: WillianFengler joined the game
[00:58:40] [Server thread/INFO]: WillianFengler[/127.3.189.19:37351] logged in with entity id 42 at ([world]-267.1703314722809, 123.0, -342.68157652913675)
[00:58:43] [Server thread/WARN]: Can't keep up! Is the server overloaded? Running 2564ms or 51 ticks behind
[01:03:57] [Server thread/INFO]: [Minetorio] All devices saving in 60 seconds.
[01:04:57] [Server thread/INFO]: [Minetorio] Saving: 0 devices in 0 batches, happening over 0.0 seconds. (Saves Per Tick - 5)
[01:13:08] [Server thread/INFO]: Villager Villager['Librarian'/106, uuid='671bca02-12a1-402d-9daf-30864034488b', l='ServerLevel[world]', x=-282.48, y=119.05, z=-369.48, cpos=[-18, -24], tl=43253, v=true] died, message: 'Librarian drowned'
[01:13:57] [Server thread/INFO]: [Minetorio] All devices saving in 60 seconds.
[01:14:52] [Server thread/INFO]: [HavenBags] Saving bags.
[01:14:52] [Server thread/INFO]: [HavenBags] Bags saved.
[01:14:57] [Server thread/INFO]: [Minetorio] Saving: 0 devices in 0 batches, happening over 0.0 seconds. (Saves Per Tick - 5)
[01:23:57] [Server thread/INFO]: [Minetorio] All devices saving in 60 seconds.
[01:24:57] [Server thread/INFO]: [Minetorio] Saving: 0 devices in 0 batches, happening over 0.0 seconds. (Saves Per Tick - 5)
[01:33:57] [Server thread/INFO]: [Minetorio] All devices saving in 60 seconds.
[01:34:52] [Server thread/INFO]: [HavenBags] Saving bags.
[01:34:52] [Server thread/INFO]: [HavenBags] Bags saved.
[01:34:57] [Server thread/INFO]: [Minetorio] Saving: 0 devices in 0 batches, happening over 0.0 seconds. (Saves Per Tick - 5)
[01:43:57] [Server thread/INFO]: [Minetorio] All devices saving in 60 seconds.
[01:44:57] [Server thread/INFO]: [Minetorio] Saving: 0 devices in 0 batches, happening over 0.0 seconds. (Saves Per Tick - 5)
[01:52:57] [Server thread/INFO]: WillianFengler has made the advancement [Cover Me with Diamonds]
[01:53:57] [Server thread/INFO]: [Minetorio] All devices saving in 60 seconds.
[01:54:52] [Server thread/INFO]: [HavenBags] Saving bags.
[01:54:52] [Server thread/INFO]: [HavenBags] Bags saved.
[01:54:57] [Server thread/INFO]: [Minetorio] Saving: 0 devices in 0 batches, happening over 0.0 seconds. (Saves Per Tick - 5)
[01:58:43] [Server thread/INFO]: WillianFengler issued server command: /h
[01:58:51] [Async Chat Thread - #0/INFO]: [Not Secure] <WillianFengler> Aldeanos
[01:58:53] [Server thread/INFO]: WillianFengler issued server command: /h
[02:03:25] [Server thread/INFO]: WillianFengler issued server command: /h
[02:03:35] [Server thread/INFO]: WillianFengler issued server command: /h
[02:03:48] [Async Chat Thread - #2/INFO]: [Not Secure] <WillianFengler> Granja_De_Hierro
[02:03:49] [Server thread/INFO]: WillianFengler issued server command: /h
[02:03:56] [Server thread/INFO]: WillianFengler issued server command: /h
[02:03:57] [Server thread/INFO]: [Minetorio] All devices saving in 60 seconds.
[02:04:14] [Server thread/INFO]: WillianFengler issued server command: /h
[02:04:57] [Server thread/INFO]: [Minetorio] Saving: 0 devices in 0 batches, happening over 0.0 seconds. (Saves Per Tick - 5)
[02:09:09] [Server thread/INFO]: WillianFengler issued server command: /plugins
[02:09:20] [Server thread/INFO]: WillianFengler issued server command: /advancedenchantments admin
[02:12:11] [Server thread/INFO]: WillianFengler has made the advancement [Diamonds!]
[02:13:57] [Server thread/INFO]: [Minetorio] All devices saving in 60 seconds.
[02:14:52] [Server thread/INFO]: [HavenBags] Saving bags.
[02:14:52] [Server thread/INFO]: [HavenBags] Bags saved.
[02:14:57] [Server thread/INFO]: [Minetorio] Saving: 0 devices in 0 batches, happening over 0.0 seconds. (Saves Per Tick - 5)
[02:17:37] [Server thread/INFO]: WillianFengler issued server command: /h
[02:18:17] [Server thread/INFO]: WillianFengler issued server command: /h
[02:18:23] [Server thread/INFO]: WillianFengler issued server command: /h
